%!Adobe-FontList 1.16
%Locale:0x809

%BeginFont
Handler:DirectoryHandler
FontType:Type1
FontName:MinionPro-Regular
FamilyName:Minion Pro
StyleName:Regular
FullName:Minion Pro
MenuName:Minion Pro
StyleBits:0
WritingScript:Roman
OutlineFileName:C:\Users\lubo.aleksandrov\Documents\BrickHausPartners\NewWebsiteDesign\Brickhaus Website\27 Coltman LPG Folder\27 Coltman LPG Folder\Document fonts\MinionPro-Regular.otf
DataFormat:sfntData
UsesStandardEncoding:yes
isCFF:yes
FileLength:218640
FileModTime:1393326892
WeightClass:400
WidthClass:5
AngleClass:0
DesignSize:110
NameArray:0,Mac,4,Minion Pro
NameArray:0,Win,1,Minion Pro
%EndFont

%BeginFont
Handler:DirectoryHandler
FontType:Type1
FontName:Montserrat-Light
FamilyName:Montserrat
StyleName:Light
FullName:Montserrat Light
MenuName:Montserrat Light
StyleBits:0
WritingScript:Roman
OutlineFileName:C:\Users\lubo.aleksandrov\Documents\BrickHausPartners\NewWebsiteDesign\Brickhaus Website\27 Coltman LPG Folder\27 Coltman LPG Folder\Document fonts\Montserrat-Light.otf
DataFormat:sfntData
UsesStandardEncoding:yes
isCFF:yes
FileLength:44792
FileModTime:1462982450
WeightClass:300
WidthClass:5
AngleClass:0
NameArray:0,Mac,4,Montserrat Light
NameArray:0,Win,1,Montserrat Light
NameArray:0,Win,16,Montserrat
%EndFont

%BeginFont
Handler:DirectoryHandler
FontType:Type1
FontName:Montserrat-Regular
FamilyName:Montserrat
StyleName:Regular
FullName:Montserrat
MenuName:Montserrat
StyleBits:0
WritingScript:Roman
OutlineFileName:C:\Users\lubo.aleksandrov\Documents\BrickHausPartners\NewWebsiteDesign\Brickhaus Website\27 Coltman LPG Folder\27 Coltman LPG Folder\Document fonts\Montserrat-Regular.otf
DataFormat:sfntData
UsesStandardEncoding:yes
isCFF:yes
FileLength:45360
FileModTime:1462982450
WeightClass:400
WidthClass:5
AngleClass:0
NameArray:0,Mac,4,Montserrat
NameArray:0,Win,1,Montserrat
%EndFont

